C:\Users\supervisorio\Documents\miguel_a214_trabalho_final\MiguelA214Projeto\Logical\Global.typ
C:\Users\supervisorio\Documents\miguel_a214_trabalho_final\MiguelA214Projeto\Logical\Global.var
C:\Users\supervisorio\Documents\miguel_a214_trabalho_final\MiguelA214Projeto\Logical\Libraries\Operator\operator.fun
C:\Users\supervisorio\Documents\miguel_a214_trabalho_final\MiguelA214Projeto\Logical\Libraries\Operator\operator.typ
C:\Users\supervisorio\Documents\miguel_a214_trabalho_final\MiguelA214Projeto\Logical\Libraries\Operator\operator.var
C:\Users\supervisorio\Documents\miguel_a214_trabalho_final\MiguelA214Projeto\Logical\Libraries\Runtime\runtime.fun
C:\Users\supervisorio\Documents\miguel_a214_trabalho_final\MiguelA214Projeto\Logical\Libraries\Runtime\runtime.typ
C:\Users\supervisorio\Documents\miguel_a214_trabalho_final\MiguelA214Projeto\Logical\Libraries\Runtime\runtime.var
C:\Users\supervisorio\Documents\miguel_a214_trabalho_final\MiguelA214Projeto\Logical\Libraries\AsTime\astime.fun
C:\Users\supervisorio\Documents\miguel_a214_trabalho_final\MiguelA214Projeto\Logical\Libraries\AsTime\astime.typ
C:\Users\supervisorio\Documents\miguel_a214_trabalho_final\MiguelA214Projeto\Logical\Libraries\AsTime\astime.var
C:\Users\supervisorio\Documents\miguel_a214_trabalho_final\MiguelA214Projeto\Logical\Libraries\AsIecCon\AsIecCon.fun
C:\Users\supervisorio\Documents\miguel_a214_trabalho_final\MiguelA214Projeto\Logical\Libraries\AsIecCon\AsIecCon.typ
C:\Users\supervisorio\Documents\miguel_a214_trabalho_final\MiguelA214Projeto\Logical\Libraries\AsIecCon\AsIecCon.var
C:\Users\supervisorio\Documents\miguel_a214_trabalho_final\MiguelA214Projeto\Logical\Libraries\standard\standard.fun
C:\Users\supervisorio\Documents\miguel_a214_trabalho_final\MiguelA214Projeto\Logical\Libraries\standard\standard.typ
C:\Users\supervisorio\Documents\miguel_a214_trabalho_final\MiguelA214Projeto\Logical\Libraries\standard\standard.var
